discord.com
apple.com
twitter.com
slack.com
zoom.us
amazon.com
dropbox.com
netflix.com
microsoft.com
salesforce.com
oracle.com
hp.com
spotify.com
intel.com
linkedin.com
lyft.com
uber.com
booking.com
ebay.com
google.com
homedepot.com
pinterest.com
target.com
facebook.com
chanel.com
farfetch.com
prada.com
asos.com
ralphlauren.com
gap.com
dillards.com
bananarepublic.com
kohls.com
oldnavy.com
athleta.com
shopify.com
bigcommerce.com
squarespace.com
wix.com
dreamhost.com
siteground.com
cloudflare.com
fastly.com
wpengine.com
t-mobile.com
windstream.com
dish.com
siriusxm.com
pandora.com
iheart.com
youtube.com
vimeo.com
twitch.tv
dailymotion.com
washingtonpost.com
bloomberg.com
theguardian.com
npr.org
economist.com
forbes.com
businessinsider.com
techcrunch.com
engadget.com
tunein.com
zdnet.com
cnet.com
wired.com
politico.com
buzzfeed.com
businesswire.com
prnewswire.com
marketwatch.com
etrade.com
coinbase.com
blockchain.com
kraken.com
exodus.com
trustwallet.com
bitpay.com
bitgo.com
grayscale.com
bitwiseinvestments.com
coinshares.com
wisdomtree.com
bankofamerica.com
citi.com
bnymellon.com
fireblocks.com
rabobank.com
nordea.com
sebgroup.com
cibc.com
nbc.ca
desjardins.com
paypal.com
stripe.com
adyen.com
braintreepayments.com
zip.co
payoneer.com
afterpay.com
revolut.com
monzo.com
varomoney.com
starlingbank.com
aspiration.com
acorns.com
wealthfront.com
betterment.com
prosper.com
avant.com
lendingclub.com
synchrony.com
americanexpress.com
fisglobal.com
fiserv.com
elavon.com
zappos.com
mercari.com
jd.com
rakuten.com
instacart.com
doordash.com
deliveroo.co.uk
zomato.com
grubhub.com
nykaa.com
swiggy.com
myntra.com
blinkit.com
bigbasket.com
reliance.com
tatacliq.com
croma.com
dmartindia.com
whatsapp.com
telegram.org
signal.org
wire.com
viber.com
reliancedigital.in
whereby.com
threema.ch
ringcentral.com
epicgames.com
ea.com
activision.com
take2games.com
ubisoft.com
blizzard.com
riotgames.com
playstation.com
nintendo.com
505games.com
thqnordic.com
sega.com
paradoxinteractive.com
valorant.com
bandainamcoent.com
overwatch.com
starstable.com
tommy.com
ft.com
gaijin.net
worldofwarcraft.com
warframe.com
supercell.com
nianticlabs.com
ingress.com
samsung.com
lg.com
sony.com
philips.com
sharpusa.com
thermador.com
vikingrange.com
bluestarcooking.com
fisherpaykel.com
cafeappliances.com
kenmore.com
acehardware.com
menards.com
staples.com
officedepot.com
lenovo.com
hpe.com
gigabyte.com
corsair.com
logitech.com
micron.com
amd.com
kioxia.com
nvidia.com
ti.com
analog.com
renesas.com
nxp.com
microchip.com
silabs.com
onsemi.com
qualcomm.com
kyocera.com
rohm.com
realtor.com
compass.com
murata.com
redfin.com
mitsubishielectric.com
jll.com
colliers.com
cbre.com
costar.com
opendoor.com
rent.com
hilton.com
xome.com
ihg.com
wyndhamhotels.com
bestwestern.com
fourseasons.com
choicehotels.com
aman.com
radissonhotels.com
mandarinoriental.com
belmond.com
oetkercollection.com
rosewoodhotels.com
vrbo.com
hotels.com
kayak.com
priceline.com
hotwire.com
momondo.com
kiwi.com
ril.com
tata.com
techmahindra.com
tcs.com
icicibank.com
mahindra.com
wipro.com
axisbank.com
bajajfinserv.in
federalbank.co.in
paytm.com
phonepe.com
bankofbaroda.in
olacabs.com
sonyliv.com
mxplayer.in
hotstar.com
timesofindia.com
hindustantimes.com
firstpost.com
indianexpress.com
livemint.com
pvrcinemas.com
outlookindia.com
republicworld.com
abplive.com
cnbctv18.com
zeebiz.com
huawei.com
yandex.com
oppo.com
vivo.com
oneplus.com
realme.com
ericsson.com
sap.com
xiaomi.com
servicenow.com
databricks.com
confluent.io
snowflake.com
elastic.co
mongodb.com
github.com
circleci.com
jfrog.com
figma.com
sketch.com
atlassian.com
zeplin.io
airtable.com
linear.app
asana.com
clickup.com
wrike.com
monday.com
smartsheet.com
basecamp.com
hey.com
rememberthemilk.com
trello.com
any.do
miro.com
todoist.com
cacoo.com
gliffy.com
researchgate.net
academia.edu
elsevier.com
science.org
sagepub.com
penguinrandomhouse.com
cambridge.org
springer.com
bloomsbury.com
scribd.com
overdrive.com
geico.com
rbs.com
lloydsbank.com
nab.com.au
commbank.com.au
westpac.com.au
ocbc.com
cimb.com
uob.com.sg
metlife.com
aviva.com
legalandgeneral.com
axa.com
royalsundaram.in
pfizer.com
sbigeneral.in
novartis.com
merck.com
roche.com
janssen.com
gilead.com
amgen.com
bms.com
gehealthcare.com
abbott.com
uclahealth.org
mountsinai.org
uhc.com
anthem.com
labcorp.com
healthcare.gov
harvard.edu
stanford.edu
mit.edu
cam.ac.uk
berkeley.edu
yale.edu
express-scripts.com
irs.gov
nhs.uk
fbi.gov
cia.gov
gm.com
toyota.com
honda.com
landrover.com
jaguar.com
ferrari.com
lamborghini.com
kia.com
astonmartin.com
stellantis.com
fiat.com
licindia.in
bsnl.co.in
nseindia.com
uidai.gov.in
npci.org.in
lazypay.in
cred.club
amazon.in
mobikwik.com
meesho.com
vanguard.com
