tcs.com
techmahindra.com
wipro.com
zoho.com
meesho.com
amazon.in
myntra.com
nykaa.com
freshworks.com
croma.com
bigbasket.com
blinkit.com
reliancedigital.in
zomato.com
bsnl.co.in
paytm.com
phonepe.com
cred.club
upstox.com
swiggy.com
zerodha.com
angelone.in
icicibank.com
axisbank.com
kotak.com
bankofbaroda.in
hexaware.com
federalbank.co.in
aubank.in
bajajfinserv.in
hdfclife.com
sbilife.co.in
maxlifeinsurance.com
ril.com
mahindra.com
tata.com
tataaig.com
larsentoubro.com
adani.com
adaniports.com
marutisuzuki.com
bajajauto.com
sonyliv.com
hotstar.com
mxplayer.in
timesofindia.com
voot.com
hindustantimes.com
indianexpress.com
firstpost.com
livemint.com
yatra.com
cleartrip.com
abhibus.com
maxhealthcare.com
pharmeasy.in
netmeds.com
lupin.com
cipla.com
divislabs.com
vedantu.com
unacademy.com
simplilearn.com
byjus.com
greatlearning.in
upgrad.com
dlf.in
puravankara.com
sobha.com
prestigeconstructions.com
brigadegroup.com
dabur.com
patanjaliayurved.net
pepsicoindia.co.in
tatapower.com
bluedart.com
dtdc.com
shadowfax.in
my11circle.com
games24x7.com
mpl.live
headout.com
uidai.gov.in
npci.org.in
nseindia.com
browserstack.com
druva.com
licindia.in
bajajallianz.com
starhealth.in
freshdesk.com
careinsurance.com
